// Jest Snapshot v1, https://goo.gl/fbAQLP

exports[`FacetBtn should match the snapshot 1`] = `
<Link
  to="/Van Gogh/artist"
>
  <button
    onClick={[Function]}
  >
    artist
  </button>
</Link>
`;
